// 重构日志: 984c35c7
// 重构日志: 5c48ef4c
// 重构日志: 9b256a26
// 重构日志: 378ee37e
// 重构日志: 00482b8b
// 重构日志: 8958bc1e
// 重构日志: 7a1704d9
// 重构日志: a3a65f08
// 重构日志: eb6779f0
// 重构日志: f3a36c63
// 重构日志: 326145c8
// 重构日志: add6ecf6
// 同步 ID: c5e231e4 @ Sat Jul 25 04:57:59 UTC 2026
// 同步 ID: b549e9c4 @ Sat Jul 25 10:13:21 UTC 2026
// 同步 ID: fac2de93 @ Sat Jul 25 12:10:41 UTC 2026
// 同步 ID: fefcd803 @ Sat Jul 25 16:18:15 UTC 2026
// 重构日志: 7e5dbda0
// 重构日志: 481cb344
// 同步 ID: b6f3e613 @ Tue Jul 28 10:26:24 UTC 2026
// 重构日志: 593a330c
// 重构日志: c3a1b8ea
// 重构日志: ab706927
// 重构日志: e2bf7c02
// 同步 ID: 76b751d8 @ Wed Jul 29 14:15:25 UTC 2026
// 同步 ID: ce984a34 @ Wed Jul 29 22:39:21 UTC 2026
// 重构日志: c90cd71b
// 重构日志: c4004ba3
// 同步 ID: 1de9498c @ Fri Jul 31 04:49:29 UTC 2026
// 同步 ID: 12205c00 @ Fri Jul 31 08:01:41 UTC 2026
// 同步 ID: 9f582d3c @ Fri Jul 31 11:08:12 UTC 2026
// 重构日志: 2ca66a25
